main                                                                                                                    PAGE 1
                         1     ORG 0000H
0000 020300              2             LJMP INIT
                         3
                         4     ; LEGENDA:
                         5
                         6     ; P0 - okres (T)
                         7     ; P1 - wypełnienie (F)
                         8     ; F0 - if 0 odliczaj wypełnienie ||| else odliczaj do okresu
                         9     ; AHI (cały czas stan wysoki) - 1 if F >= T ||| else 0
                        10     ; P2.0 - wyjście
                        11
                        12     ORG 0300H
0300 D2D5               13     INIT:   SETB F0                         ; najpierw odlicz do okresu
                        14     AHI:    DBIT 1                          ; Always High - 1 jeśli T <= F wpp. 0
****WARNING:Using`DBIT'directive,butactivesegmentis`CSEG'(shouldbeBSEG)
  0030                  15             COUNTER EQU 30H                 ; adres licznika
  0031                  16             PREVPERIOD EQU 31H              ; zapamiętanie poprzedniego okresu
  0032                  17             PREVFILL EQU 32H                ; zapamiętanie poprzedniego wypełnienia
  00F2                  18             TLOW EQU 0F2H
  00FF                  19             THIGH EQU 0FFH                  ; stałe timera
0302 859030             20             MOV COUNTER, P1                 ; zacznij od odliczania do okresu
0305 0530               21             INC COUNTER                     ; timer przesunięty o 1 (odliczanie od 1 do T+1)
0307 858031             22             MOV PREVPERIOD, P0
030A 859032             23             MOV PREVFILL, P1                ; początkowe wartości
030D E580               24             MOV A, P0
030F 9590               25             SUBB A, P1                      ; Czy T < F
0311 5007               26             JNC ISEQU                       ; Jeśli nie to jump do ISEQU
0313 D2A0               27     BEGHI:  SETB P2.0                       ; stan wysoki na wyjściu
0315 D200               28             SETB AHI                        ; Always High
0317 020326             29             LJMP CONT
031A E580               30     ISEQU:  MOV A, P0
031C B59003             31             CJNE A, P1, BEGLOW              ; Czy T != F
031F 020313             32             LJMP BEGHI                      ; T == F - takie same czynności jakby T < F
0322 C2A0               33     BEGLOW: CLR P2.0                        ; stan niski na wyjściu
0324 C200               34             CLR AHI                         ; Not Always High
0326 758901             35     CONT:   MOV TMOD, #01h                  ; 16-bit timer
0329 758AF2             36             MOV TL0, #TLOW
032C 758CFF             37             MOV TH0, #THIGH                 ; czas timera
032F D28C               38             SETB TR0                        ; zacznij liczyć
0331 D2A9               39             SETB ET0                        ; maska timera
0333 D2AF               40             SETB EA                         ; maska główna
0335 020335             41     MAIN:   LJMP MAIN                       ; mądry program
                        42
                        43     ORG 0000Bh
****WARNING:ThisORGhaslowervaluethanthepreviousone
000B 020400             44             LJMP TIMI
                        45
                        46     ORG 0400h
0400 758AF2             47     TIMI:   MOV TL0, #TLOW
0403 758CFF             48             MOV TH0, #THIGH                 ; czas timera
0406 E580               49             MOV A, P0
0408 B5310F             50             CJNE A, PREVPERIOD, RESET       ; Czy wartość T się zmieniła
040B E590               51             MOV A, P1
040D B5320A             52             CJNE A, PREVFILL, RESET         ; Czy wartość F się zmieniła
0410 200006             53             JB AHI, RETURN                  ; Jeśli Always High to nie przejmuj się niczym więcej
0413 20D529             54             JB F0, PERIOD                   ; Aktualnie - odliczanie okresu
0416 020450             55             LJMP FILL                       ; Aktualnie - odliczanie wypełnienia
0419 32                 56     RETURN: RETI
                        57
041A D2D5               58     RESET:  SETB F0                         ; najpierw odlicz do okresu
041C 859030             59             MOV COUNTER, P1                 ; zacznij od odliczania do okresu
041F 0530               60             INC COUNTER                     ; timer przesunięty o 1 (odliczanie od 1 do T+1)
0421 858031             61             MOV PREVPERIOD, P0
0424 859032             62             MOV PREVFILL, P1                ; początkowe wartości
0427 E580               63             MOV A, P0
0429 9590               64             SUBB A, P1                      ; Czy T < F
042B 5005               65             JNC SETEQU                      ; Jump to SETEQU jeśli nie
042D D2A0               66     SETHI:  SETB P2.0                       ; Stan wysoki na wyjściu
042F D200               67             SETB AHI                        ; Always High
0431 32                 68             RETI
0432 E580               69     SETEQU: MOV A, P0
0434 B59003             70             CJNE A, P1, SETLOW              ; Czy T == F
0437 02042D             71             LJMP SETHI                      ; T == F - sekwencja taka jak przy SETHI
043A C2A0               72     SETLOW: CLR P2.0                        ; zacznij od stanu niskiego
043C C200               73             CLR AHI                         ; not Always High
043E 32                 74             RETI
                        75
043F E530               76     PERIOD: MOV A, COUNTER
0441 9580               77             SUBB A, P0                      ; Czy COUNTER > T
0443 4008               78             JC SKIPP                        ; nie
0445 D2A0               79             SETB P2.0                       ; stan wysoki na wyjściu
0447 753001             80             MOV COUNTER, #01H               ; Odliczanie od 1 do T+1
044A C2D5               81             CLR F0                          ; odliczaj do wypełnienia
044C 32                 82             RETI
                        83
044D 0530               84     SKIPP:  INC COUNTER                     ; inkrementuj COUNTER i return
044F 32                 85             RETI
                        86
0450 E530               87     FILL:   MOV A, COUNTER
0452 9590               88             SUBB A, P1                      ; Czy COUNTER > F
0454 4004               89             JC SKIPF                        ; nie
0456 C2A0               90             CLR P2.0                        ; stan niski na wyjściu
0458 D2D5               91             SETB F0                         ; odliczaj do okresu
045A 0530               92     SKIPF:  INC COUNTER                     ; inkrementuj COUNTER i reti
045C 32                 93             RETI
                        94
                        95     END
ASSEMBLY COMPLETE, NO ERRORS FOUND, 2 WARNINGS


ERROR SUMMARY:
Line 14, WARNING:Using`DBIT'directive,butactivesegmentis`CSEG'(shouldbeBSEG)
Line 44, WARNING:ThisORGhaslowervaluethanthepreviousone

SYMBOL TABLE:
??MCU_8051_IDE . . . . . . . . . . .  N  NUMB  8051H  NOT USED
??VERSION. . . . . . . . . . . . . .  N  NUMB  0149H  NOT USED
AC . . . . . . . . . . . . . . . . .  B  ADDR  00D6H  NOT USED
ACC. . . . . . . . . . . . . . . . .  D  ADDR  00E0H  NOT USED
ACSR . . . . . . . . . . . . . . . .  D  ADDR  0097H  NOT USED
ADCF . . . . . . . . . . . . . . . .  D  ADDR  00F6H  NOT USED
ADCLK. . . . . . . . . . . . . . . .  D  ADDR  00F2H  NOT USED
ADCON. . . . . . . . . . . . . . . .  D  ADDR  00F3H  NOT USED
ADDH . . . . . . . . . . . . . . . .  D  ADDR  00F5H  NOT USED
ADDL . . . . . . . . . . . . . . . .  D  ADDR  00F4H  NOT USED
AHI. . . . . . . . . . . . . . . . .  B  ADDR  0000H
AUXR . . . . . . . . . . . . . . . .  D  ADDR  008EH  NOT USED
AUXR1. . . . . . . . . . . . . . . .  D  ADDR  00A2H  NOT USED
B. . . . . . . . . . . . . . . . . .  D  ADDR  00F0H  NOT USED
BDRCON . . . . . . . . . . . . . . .  D  ADDR  009BH  NOT USED
BDRCON_1 . . . . . . . . . . . . . .  D  ADDR  009CH  NOT USED
BEGHI. . . . . . . . . . . . . . . .  C  ADDR  0313H
BEGLOW . . . . . . . . . . . . . . .  C  ADDR  0322H
BRL. . . . . . . . . . . . . . . . .  D  ADDR  009AH  NOT USED
CCAP0H . . . . . . . . . . . . . . .  D  ADDR  00FAH  NOT USED
CCAP0L . . . . . . . . . . . . . . .  D  ADDR  00EAH  NOT USED
CCAP1H . . . . . . . . . . . . . . .  D  ADDR  00FBH  NOT USED
CCAP1L . . . . . . . . . . . . . . .  D  ADDR  00EBH  NOT USED
CCAP2H . . . . . . . . . . . . . . .  D  ADDR  00FCH  NOT USED
CCAP3H . . . . . . . . . . . . . . .  D  ADDR  00FDH  NOT USED
CCAP4H . . . . . . . . . . . . . . .  D  ADDR  00FEH  NOT USED
CCAPL2H. . . . . . . . . . . . . . .  D  ADDR  00FCH  NOT USED
CCAPL2L. . . . . . . . . . . . . . .  D  ADDR  00ECH  NOT USED
CCAPL3H. . . . . . . . . . . . . . .  D  ADDR  00FDH  NOT USED
CCAPL3L. . . . . . . . . . . . . . .  D  ADDR  00EDH  NOT USED
CCAPL4H. . . . . . . . . . . . . . .  D  ADDR  00FEH  NOT USED
CCAPL4L. . . . . . . . . . . . . . .  D  ADDR  00EEH  NOT USED
CCAPM0 . . . . . . . . . . . . . . .  D  ADDR  00DAH  NOT USED
CCAPM1 . . . . . . . . . . . . . . .  D  ADDR  00DBH  NOT USED
CCAPM2 . . . . . . . . . . . . . . .  D  ADDR  00DCH  NOT USED
CCAPM3 . . . . . . . . . . . . . . .  D  ADDR  00DDH  NOT USED
CCAPM4 . . . . . . . . . . . . . . .  D  ADDR  00DEH  NOT USED
CCF0 . . . . . . . . . . . . . . . .  B  ADDR  00D8H  NOT USED
CCF1 . . . . . . . . . . . . . . . .  B  ADDR  00D9H  NOT USED
CCF2 . . . . . . . . . . . . . . . .  B  ADDR  00DAH  NOT USED
CCF3 . . . . . . . . . . . . . . . .  B  ADDR  00DBH  NOT USED
CCF4 . . . . . . . . . . . . . . . .  B  ADDR  00DCH  NOT USED
CCON . . . . . . . . . . . . . . . .  D  ADDR  00D8H  NOT USED
CFINT. . . . . . . . . . . . . . . .  C  ADDR  0033H  NOT USED
CH . . . . . . . . . . . . . . . . .  D  ADDR  00F9H  NOT USED
CKCON. . . . . . . . . . . . . . . .  D  ADDR  008FH  NOT USED
CKCON0 . . . . . . . . . . . . . . .  D  ADDR  008FH  NOT USED
CKRL . . . . . . . . . . . . . . . .  D  ADDR  0097H  NOT USED
CKSEL. . . . . . . . . . . . . . . .  D  ADDR  0085H  NOT USED
CL . . . . . . . . . . . . . . . . .  D  ADDR  00E9H  NOT USED
CLKREG . . . . . . . . . . . . . . .  D  ADDR  008FH  NOT USED
CMOD . . . . . . . . . . . . . . . .  D  ADDR  00D9H  NOT USED
CONT . . . . . . . . . . . . . . . .  C  ADDR  0326H
COUNTER. . . . . . . . . . . . . . .  N  NUMB  0030H
CPRL2. . . . . . . . . . . . . . . .  B  ADDR  00C8H  NOT USED
CR . . . . . . . . . . . . . . . . .  B  ADDR  00DEH  NOT USED
CT2. . . . . . . . . . . . . . . . .  B  ADDR  00C9H  NOT USED
CY . . . . . . . . . . . . . . . . .  B  ADDR  00D7H  NOT USED
DP0H . . . . . . . . . . . . . . . .  D  ADDR  0083H  NOT USED
DP0L . . . . . . . . . . . . . . . .  D  ADDR  0082H  NOT USED
DP1H . . . . . . . . . . . . . . . .  D  ADDR  0085H  NOT USED
DP1L . . . . . . . . . . . . . . . .  D  ADDR  0084H  NOT USED
DPH. . . . . . . . . . . . . . . . .  D  ADDR  0083H  NOT USED
DPL. . . . . . . . . . . . . . . . .  D  ADDR  0082H  NOT USED
EA . . . . . . . . . . . . . . . . .  B  ADDR  00AFH
EC . . . . . . . . . . . . . . . . .  B  ADDR  00AEH  NOT USED
EECON. . . . . . . . . . . . . . . .  D  ADDR  0096H  NOT USED
ES . . . . . . . . . . . . . . . . .  B  ADDR  00ACH  NOT USED
ET0. . . . . . . . . . . . . . . . .  B  ADDR  00A9H
ET1. . . . . . . . . . . . . . . . .  B  ADDR  00ABH  NOT USED
ET2. . . . . . . . . . . . . . . . .  B  ADDR  00ADH  NOT USED
EX0. . . . . . . . . . . . . . . . .  B  ADDR  00A8H  NOT USED
EX1. . . . . . . . . . . . . . . . .  B  ADDR  00AAH  NOT USED
EXEN2. . . . . . . . . . . . . . . .  B  ADDR  00CBH  NOT USED
EXF2 . . . . . . . . . . . . . . . .  B  ADDR  00CEH  NOT USED
EXTI0. . . . . . . . . . . . . . . .  C  ADDR  0003H  NOT USED
EXTI1. . . . . . . . . . . . . . . .  C  ADDR  0013H  NOT USED
F0 . . . . . . . . . . . . . . . . .  B  ADDR  00D5H
FE . . . . . . . . . . . . . . . . .  B  ADDR  009FH  NOT USED
FILL . . . . . . . . . . . . . . . .  C  ADDR  0450H
IE . . . . . . . . . . . . . . . . .  D  ADDR  00A8H  NOT USED
IE0. . . . . . . . . . . . . . . . .  B  ADDR  0089H  NOT USED
IE1. . . . . . . . . . . . . . . . .  B  ADDR  008BH  NOT USED
INIT . . . . . . . . . . . . . . . .  C  ADDR  0300H
INT0 . . . . . . . . . . . . . . . .  B  ADDR  00B2H  NOT USED
INT1 . . . . . . . . . . . . . . . .  B  ADDR  00B3H  NOT USED
IP . . . . . . . . . . . . . . . . .  D  ADDR  00B8H  NOT USED
IPH. . . . . . . . . . . . . . . . .  D  ADDR  00B7H  NOT USED
IPH0 . . . . . . . . . . . . . . . .  D  ADDR  00B7H  NOT USED
IPH1 . . . . . . . . . . . . . . . .  D  ADDR  00B3H  NOT USED
IPL0 . . . . . . . . . . . . . . . .  D  ADDR  00B8H  NOT USED
IPL1 . . . . . . . . . . . . . . . .  D  ADDR  00B2H  NOT USED
ISEQU. . . . . . . . . . . . . . . .  C  ADDR  031AH
IT0. . . . . . . . . . . . . . . . .  B  ADDR  0088H  NOT USED
IT1. . . . . . . . . . . . . . . . .  B  ADDR  008AH  NOT USED
KBE. . . . . . . . . . . . . . . . .  D  ADDR  009DH  NOT USED
KBF. . . . . . . . . . . . . . . . .  D  ADDR  009EH  NOT USED
KBLS . . . . . . . . . . . . . . . .  D  ADDR  009CH  NOT USED
MAIN . . . . . . . . . . . . . . . .  C  ADDR  0335H
OSCCON . . . . . . . . . . . . . . .  D  ADDR  0086H  NOT USED
OV . . . . . . . . . . . . . . . . .  B  ADDR  00D2H  NOT USED
P. . . . . . . . . . . . . . . . . .  B  ADDR  00D0H  NOT USED
P0 . . . . . . . . . . . . . . . . .  D  ADDR  0080H
P1 . . . . . . . . . . . . . . . . .  D  ADDR  0090H
P1M1 . . . . . . . . . . . . . . . .  D  ADDR  00D4H  NOT USED
P1M2 . . . . . . . . . . . . . . . .  D  ADDR  00E2H  NOT USED
P2 . . . . . . . . . . . . . . . . .  D  ADDR  00A0H
P3 . . . . . . . . . . . . . . . . .  D  ADDR  00B0H  NOT USED
P3M1 . . . . . . . . . . . . . . . .  D  ADDR  00D5H  NOT USED
P3M2 . . . . . . . . . . . . . . . .  D  ADDR  00E3H  NOT USED
P4 . . . . . . . . . . . . . . . . .  D  ADDR  00C0H  NOT USED
P4M1 . . . . . . . . . . . . . . . .  D  ADDR  00D6H  NOT USED
P4M2 . . . . . . . . . . . . . . . .  D  ADDR  00E4H  NOT USED
P5 . . . . . . . . . . . . . . . . .  D  ADDR  00E8H  NOT USED
PC . . . . . . . . . . . . . . . . .  B  ADDR  00BEH  NOT USED
PCON . . . . . . . . . . . . . . . .  D  ADDR  0087H  NOT USED
PERIOD . . . . . . . . . . . . . . .  C  ADDR  043FH
PPCL . . . . . . . . . . . . . . . .  B  ADDR  00BEH  NOT USED
PREVFILL . . . . . . . . . . . . . .  N  NUMB  0032H
PREVPERIOD . . . . . . . . . . . . .  N  NUMB  0031H
PS . . . . . . . . . . . . . . . . .  B  ADDR  00BCH  NOT USED
PSL. . . . . . . . . . . . . . . . .  B  ADDR  00BCH  NOT USED
PSW. . . . . . . . . . . . . . . . .  D  ADDR  00D0H  NOT USED
PT0. . . . . . . . . . . . . . . . .  B  ADDR  00B9H  NOT USED
PT0L . . . . . . . . . . . . . . . .  B  ADDR  00B9H  NOT USED
PT1. . . . . . . . . . . . . . . . .  B  ADDR  00BBH  NOT USED
PT1L . . . . . . . . . . . . . . . .  B  ADDR  00BBH  NOT USED
PT2. . . . . . . . . . . . . . . . .  B  ADDR  00BDH  NOT USED
PT2L . . . . . . . . . . . . . . . .  B  ADDR  00BDH  NOT USED
PX0. . . . . . . . . . . . . . . . .  B  ADDR  00B8H  NOT USED
PX0L . . . . . . . . . . . . . . . .  B  ADDR  00B8H  NOT USED
PX1. . . . . . . . . . . . . . . . .  B  ADDR  00BAH  NOT USED
PX1L . . . . . . . . . . . . . . . .  B  ADDR  00BAH  NOT USED
RB8. . . . . . . . . . . . . . . . .  B  ADDR  009AH  NOT USED
RCAP2H . . . . . . . . . . . . . . .  D  ADDR  00CBH  NOT USED
RCAP2L . . . . . . . . . . . . . . .  D  ADDR  00CAH  NOT USED
RCLK . . . . . . . . . . . . . . . .  B  ADDR  00CDH  NOT USED
RD . . . . . . . . . . . . . . . . .  B  ADDR  00B7H  NOT USED
REN. . . . . . . . . . . . . . . . .  B  ADDR  009CH  NOT USED
RESET. . . . . . . . . . . . . . . .  C  ADDR  0000H
RESET. . . . . . . . . . . . . . . .  C  ADDR  041AH  NOT USED
RETURN . . . . . . . . . . . . . . .  C  ADDR  0419H
RI . . . . . . . . . . . . . . . . .  B  ADDR  0098H  NOT USED
RS0. . . . . . . . . . . . . . . . .  B  ADDR  00D3H  NOT USED
RS1. . . . . . . . . . . . . . . . .  B  ADDR  00D4H  NOT USED
RXD. . . . . . . . . . . . . . . . .  B  ADDR  00B0H  NOT USED
SADDR. . . . . . . . . . . . . . . .  D  ADDR  00A9H  NOT USED
SADDR_0. . . . . . . . . . . . . . .  D  ADDR  00A9H  NOT USED
SADDR_1. . . . . . . . . . . . . . .  D  ADDR  00AAH  NOT USED
SADEN. . . . . . . . . . . . . . . .  D  ADDR  00B9H  NOT USED
SADEN_0. . . . . . . . . . . . . . .  D  ADDR  00B9H  NOT USED
SADEN_1. . . . . . . . . . . . . . .  D  ADDR  00BAH  NOT USED
SBUF . . . . . . . . . . . . . . . .  D  ADDR  0099H  NOT USED
SCON . . . . . . . . . . . . . . . .  D  ADDR  0098H  NOT USED
SETEQU . . . . . . . . . . . . . . .  C  ADDR  0432H
SETHI. . . . . . . . . . . . . . . .  C  ADDR  042DH
SETLOW . . . . . . . . . . . . . . .  C  ADDR  043AH
SINT . . . . . . . . . . . . . . . .  C  ADDR  0023H  NOT USED
SKIPF. . . . . . . . . . . . . . . .  C  ADDR  045AH
SKIPP. . . . . . . . . . . . . . . .  C  ADDR  044DH
SM0. . . . . . . . . . . . . . . . .  B  ADDR  009FH  NOT USED
SM1. . . . . . . . . . . . . . . . .  B  ADDR  009EH  NOT USED
SM2. . . . . . . . . . . . . . . . .  B  ADDR  009DH  NOT USED
SP . . . . . . . . . . . . . . . . .  D  ADDR  0081H  NOT USED
SPCON. . . . . . . . . . . . . . . .  D  ADDR  00C3H  NOT USED
SPCR . . . . . . . . . . . . . . . .  D  ADDR  00D5H  NOT USED
SPDAT. . . . . . . . . . . . . . . .  D  ADDR  00C5H  NOT USED
SPDR . . . . . . . . . . . . . . . .  D  ADDR  0086H  NOT USED
SPSR . . . . . . . . . . . . . . . .  D  ADDR  00AAH  NOT USED
SPSTA. . . . . . . . . . . . . . . .  D  ADDR  00C4H  NOT USED
T0 . . . . . . . . . . . . . . . . .  B  ADDR  00B4H  NOT USED
T1 . . . . . . . . . . . . . . . . .  B  ADDR  00B5H  NOT USED
T2CON. . . . . . . . . . . . . . . .  D  ADDR  00C8H  NOT USED
T2MOD. . . . . . . . . . . . . . . .  D  ADDR  00C9H  NOT USED
TB8. . . . . . . . . . . . . . . . .  B  ADDR  009BH  NOT USED
TCLK . . . . . . . . . . . . . . . .  B  ADDR  00CCH  NOT USED
TCON . . . . . . . . . . . . . . . .  D  ADDR  0088H  NOT USED
TF0. . . . . . . . . . . . . . . . .  B  ADDR  008DH  NOT USED
TF1. . . . . . . . . . . . . . . . .  B  ADDR  008FH  NOT USED
TF2. . . . . . . . . . . . . . . . .  B  ADDR  00CFH  NOT USED
TH0. . . . . . . . . . . . . . . . .  D  ADDR  008CH
TH1. . . . . . . . . . . . . . . . .  D  ADDR  008DH  NOT USED
TH2. . . . . . . . . . . . . . . . .  D  ADDR  00CDH  NOT USED
THIGH. . . . . . . . . . . . . . . .  N  NUMB  00FFH
TI . . . . . . . . . . . . . . . . .  B  ADDR  0099H  NOT USED
TIMER0 . . . . . . . . . . . . . . .  C  ADDR  000BH  NOT USED
TIMER1 . . . . . . . . . . . . . . .  C  ADDR  001BH  NOT USED
TIMER2 . . . . . . . . . . . . . . .  C  ADDR  002BH  NOT USED
TIMI . . . . . . . . . . . . . . . .  C  ADDR  0400H
TL0. . . . . . . . . . . . . . . . .  D  ADDR  008AH
TL1. . . . . . . . . . . . . . . . .  D  ADDR  008BH  NOT USED
TL2. . . . . . . . . . . . . . . . .  D  ADDR  00CCH  NOT USED
TLOW . . . . . . . . . . . . . . . .  N  NUMB  00F2H
TMOD . . . . . . . . . . . . . . . .  D  ADDR  0089H
TR0. . . . . . . . . . . . . . . . .  B  ADDR  008CH
TR1. . . . . . . . . . . . . . . . .  B  ADDR  008EH  NOT USED
TR2. . . . . . . . . . . . . . . . .  B  ADDR  00CAH  NOT USED
TXD. . . . . . . . . . . . . . . . .  B  ADDR  00B1H  NOT USED
WDTCON . . . . . . . . . . . . . . .  D  ADDR  00A7H  NOT USED
WDTPRG . . . . . . . . . . . . . . .  D  ADDR  00A7H  NOT USED
WDTRST . . . . . . . . . . . . . . .  D  ADDR  00A6H  NOT USED
WR . . . . . . . . . . . . . . . . .  B  ADDR  00B6H  NOT USED